******************************************************************************
                  TI ARM Linker PC v5.2.7                      
******************************************************************************
>> Linked Thu Apr 14 19:39:08 2016

OUTPUT FILE NAME:   <msp432p401_ta1_05.out>
ENTRY POINT SYMBOL: "_c_int00"  address: 000006f5


MEMORY CONFIGURATION

         name            origin    length      used     unused   attr    fill
----------------------  --------  ---------  --------  --------  ----  --------
  MAIN                  00000000   00040000  0000084e  0003f7b2  R  X
  INFO                  00200000   00004000  00000000  00004000  R  X
  SRAM_CODE             01000000   00010000  00000000  00010000  RW X
  SRAM_DATA             20000000   00010000  00000218  0000fde8  RW  


SEGMENT ALLOCATION MAP

run origin  load origin   length   init length attrs members
----------  ----------- ---------- ----------- ----- -------
00000000    00000000    00000854   00000854    r-x
  00000000    00000000    00000140   00000140    r-- .intvecs
  00000140    00000140    000006ea   000006ea    r-x .text
  00000830    00000830    00000024   00000024    r-- .cinit
20000000    20000000    00000018   00000000    rw-
  20000000    20000000    00000018   00000000    rw- .data
2000fe00    2000fe00    00000200   00000000    rw-
  2000fe00    2000fe00    00000200   00000000    rw- .stack


SECTION ALLOCATION MAP

 output                                  attributes/
section   page    origin      length       input sections
--------  ----  ----------  ----------   ----------------
.intvecs   0    00000000    00000140     
                  00000000    00000140     startup_msp432p401r_ccs.obj (.intvecs:retain)

.text      0    00000140    000006ea     
                  00000140    00000328     system_msp432p401r.obj (.text)
                  00000468    0000009c     msp432p401_ta1_05.obj (.text)
                  00000504    0000009c     rtsv7M4_T_le_v4SPD16_eabi.lib : memcpy_t2.obj (.text)
                  000005a0    0000007a                                   : memset_t2.obj (.text)
                  0000061a    00000002     --HOLE-- [fill = 0]
                  0000061c    0000006c                                   : autoinit.obj (.text)
                  00000688    0000006a                                   : copy_decompress_rle.obj (.text)
                  000006f2    00000002     --HOLE-- [fill = 0]
                  000006f4    00000050                                   : boot.obj (.text)
                  00000744    0000004c                                   : cpy_tbl.obj (.text)
                  00000790    00000044                                   : exit.obj (.text)
                  000007d4    00000018                                   : args_main.obj (.text)
                  000007ec    00000014                                   : _lock.obj (.text)
                  00000800    00000012     startup_msp432p401r_ccs.obj (.text)
                  00000812    0000000e     rtsv7M4_T_le_v4SPD16_eabi.lib : copy_decompress_none.obj (.text:decompress:none)
                  00000820    00000006                                   : copy_decompress_rle.obj (.text:decompress:rle24)
                  00000826    00000004                                   : pre_init.obj (.text)

.cinit     0    00000830    00000024     
                  00000830    00000013     (.cinit..data.load) [load image, compression = rle]
                  00000843    00000001     --HOLE-- [fill = 0]
                  00000844    00000008     (__TI_handler_table)
                  0000084c    00000008     (__TI_cinit_table)

.init_array 
*          0    00000000    00000000     UNINITIALIZED

.data      0    20000000    00000018     UNINITIALIZED
                  20000000    00000008     rtsv7M4_T_le_v4SPD16_eabi.lib : _lock.obj (.data)
                  20000008    00000008                                   : exit.obj (.data)
                  20000010    00000004                                   : stkdepth_vars.obj (.data)
                  20000014    00000004     system_msp432p401r.obj (.data)

.TI.persistent 
*          0    20000000    00000000     UNINITIALIZED

.stack     0    2000fe00    00000200     UNINITIALIZED
                  2000fe00    00000200     --HOLE--


LINKER GENERATED COPY TABLES

__TI_cinit_table @ 0000084c records: 1, size/record: 8, table size: 8
	.data: load addr=00000830, load size=00000013 bytes, run addr=20000000, run size=00000018 bytes, compression=rle


LINKER GENERATED HANDLER TABLE

__TI_handler_table @ 00000844 records: 2, size/record: 4, table size: 8
	index: 0, handler: __TI_decompress_rle24
	index: 1, handler: __TI_decompress_none


GLOBAL SYMBOLS: SORTED ALPHABETICALLY BY Name 

address   name                    
-------   ----                    
00000791  C$$EXIT                 
UNDEFED   SHT$$INIT_ARRAY$$Base   
UNDEFED   SHT$$INIT_ARRAY$$Limit  
20000014  SystemCoreClock         
00000141  SystemCoreClockUpdate   
000003b5  SystemInit              
000004c5  TA1_0_IRQHandler        
4000480c  WDTCTL_SYM              
20010000  __STACK_END             
00000200  __STACK_SIZE            
0000084c  __TI_CINIT_Base         
00000854  __TI_CINIT_Limit        
00000844  __TI_Handler_Table_Base 
0000084c  __TI_Handler_Table_Limit
0000061d  __TI_auto_init          
20000008  __TI_cleanup_ptr        
00000813  __TI_decompress_none    
00000821  __TI_decompress_rle24   
2000000c  __TI_dtors_ptr          
00000000  __TI_static_base__      
000005a1  __aeabi_memclr          
000005a1  __aeabi_memclr4         
000005a1  __aeabi_memclr8         
00000505  __aeabi_memcpy          
00000505  __aeabi_memcpy4         
00000505  __aeabi_memcpy8         
000005a3  __aeabi_memset          
000005a3  __aeabi_memset4         
000005a3  __aeabi_memset8         
ffffffff  __binit__               
ffffffff  __c_args__              
2000fe00  __stack                 
000007d5  _args_main              
000006f5  _c_int00                
20000000  _lock                   
000007fb  _nop                    
000007f3  _register_lock          
000007ed  _register_unlock        
00000827  _system_pre_init        
20000004  _unlock                 
00000795  abort                   
ffffffff  binit                   
00000745  copy_in                 
0000079d  exit                    
00000000  interruptVectors        
0000046d  main                    
20000010  main_func_sp            
00000505  memcpy                  
000005a9  memset                  


GLOBAL SYMBOLS: SORTED BY Symbol Address 

address   name                    
-------   ----                    
00000000  __TI_static_base__      
00000000  interruptVectors        
00000141  SystemCoreClockUpdate   
00000200  __STACK_SIZE            
000003b5  SystemInit              
0000046d  main                    
000004c5  TA1_0_IRQHandler        
00000505  __aeabi_memcpy          
00000505  __aeabi_memcpy4         
00000505  __aeabi_memcpy8         
00000505  memcpy                  
000005a1  __aeabi_memclr          
000005a1  __aeabi_memclr4         
000005a1  __aeabi_memclr8         
000005a3  __aeabi_memset          
000005a3  __aeabi_memset4         
000005a3  __aeabi_memset8         
000005a9  memset                  
0000061d  __TI_auto_init          
000006f5  _c_int00                
00000745  copy_in                 
00000791  C$$EXIT                 
00000795  abort                   
0000079d  exit                    
000007d5  _args_main              
000007ed  _register_unlock        
000007f3  _register_lock          
000007fb  _nop                    
00000813  __TI_decompress_none    
00000821  __TI_decompress_rle24   
00000827  _system_pre_init        
00000844  __TI_Handler_Table_Base 
0000084c  __TI_CINIT_Base         
0000084c  __TI_Handler_Table_Limit
00000854  __TI_CINIT_Limit        
20000000  _lock                   
20000004  _unlock                 
20000008  __TI_cleanup_ptr        
2000000c  __TI_dtors_ptr          
20000010  main_func_sp            
20000014  SystemCoreClock         
2000fe00  __stack                 
20010000  __STACK_END             
4000480c  WDTCTL_SYM              
ffffffff  __binit__               
ffffffff  __c_args__              
ffffffff  binit                   
UNDEFED   SHT$$INIT_ARRAY$$Base   
UNDEFED   SHT$$INIT_ARRAY$$Limit  

[49 symbols]
