******************************************************************************
                  TI ARM Linker PC v5.2.7                      
******************************************************************************
>> Linked Sun Apr 24 12:04:17 2016

OUTPUT FILE NAME:   <Friendly_Interrogator.out>
ENTRY POINT SYMBOL: "_c_int00"  address: 00000959


MEMORY CONFIGURATION

         name            origin    length      used     unused   attr    fill
----------------------  --------  ---------  --------  --------  ----  --------
  MAIN                  00000000   00040000  00000ab6  0003f54a  R  X
  INFO                  00200000   00004000  00000000  00004000  R  X
  SRAM_CODE             01000000   00010000  00000000  00010000  RW X
  SRAM_DATA             20000000   00010000  00000234  0000fdcc  RW  


SEGMENT ALLOCATION MAP

run origin  load origin   length   init length attrs members
----------  ----------- ---------- ----------- ----- -------
00000000    00000000    00000ab8   00000ab8    r-x
  00000000    00000000    00000140   00000140    r-- .intvecs
  00000140    00000140    0000094e   0000094e    r-x .text
  00000a90    00000a90    00000028   00000028    r-- .cinit
20000000    20000000    00000034   00000000    rw-
  20000000    20000000    00000034   00000000    rw- .data
2000fe00    2000fe00    00000200   00000000    rw-
  2000fe00    2000fe00    00000200   00000000    rw- .stack


SECTION ALLOCATION MAP

 output                                  attributes/
section   page    origin      length       input sections
--------  ----  ----------  ----------   ----------------
.intvecs   0    00000000    00000140     
                  00000000    00000140     startup_msp432p401r_ccs.obj (.intvecs:retain)

.text      0    00000140    0000094e     
                  00000140    0000035c     system_msp432p401r.obj (.text)
                  0000049c    000002cc     interrogator_main.obj (.text)
                  00000768    0000009c     rtsv7M4_T_le_v4SPD16_eabi.lib : memcpy_t2.obj (.text)
                  00000804    0000007a                                   : memset_t2.obj (.text)
                  0000087e    00000002     --HOLE-- [fill = 0]
                  00000880    0000006c                                   : autoinit.obj (.text)
                  000008ec    0000006a                                   : copy_decompress_rle.obj (.text)
                  00000956    00000002     --HOLE-- [fill = 0]
                  00000958    00000050                                   : boot.obj (.text)
                  000009a8    0000004c                                   : cpy_tbl.obj (.text)
                  000009f4    00000044                                   : exit.obj (.text)
                  00000a38    00000018                                   : args_main.obj (.text)
                  00000a50    00000014                                   : _lock.obj (.text)
                  00000a64    00000012     startup_msp432p401r_ccs.obj (.text)
                  00000a76    0000000e     rtsv7M4_T_le_v4SPD16_eabi.lib : copy_decompress_none.obj (.text:decompress:none)
                  00000a84    00000006                                   : copy_decompress_rle.obj (.text:decompress:rle24)
                  00000a8a    00000004                                   : pre_init.obj (.text)

.cinit     0    00000a90    00000028     
                  00000a90    00000015     (.cinit..data.load) [load image, compression = rle]
                  00000aa5    00000003     --HOLE-- [fill = 0]
                  00000aa8    00000008     (__TI_handler_table)
                  00000ab0    00000008     (__TI_cinit_table)

.init_array 
*          0    00000000    00000000     UNINITIALIZED

.data      0    20000000    00000034     UNINITIALIZED
                  20000000    0000001c     interrogator_main.obj (.data)
                  2000001c    00000008     rtsv7M4_T_le_v4SPD16_eabi.lib : _lock.obj (.data)
                  20000024    00000008                                   : exit.obj (.data)
                  2000002c    00000004                                   : stkdepth_vars.obj (.data)
                  20000030    00000004     system_msp432p401r.obj (.data)

.TI.persistent 
*          0    20000000    00000000     UNINITIALIZED

.stack     0    2000fe00    00000200     UNINITIALIZED
                  2000fe00    00000200     --HOLE--


LINKER GENERATED COPY TABLES

__TI_cinit_table @ 00000ab0 records: 1, size/record: 8, table size: 8
	.data: load addr=00000a90, load size=00000015 bytes, run addr=20000000, run size=00000034 bytes, compression=rle


LINKER GENERATED HANDLER TABLE

__TI_handler_table @ 00000aa8 records: 2, size/record: 4, table size: 8
	index: 0, handler: __TI_decompress_rle24
	index: 1, handler: __TI_decompress_none


GLOBAL SYMBOLS: SORTED ALPHABETICALLY BY Name 

address   name                    
-------   ----                    
000009f5  C$$EXIT                 
UNDEFED   SHT$$INIT_ARRAY$$Base   
UNDEFED   SHT$$INIT_ARRAY$$Limit  
20000030  SystemCoreClock         
00000141  SystemCoreClockUpdate   
000003b5  SystemInit              
00000693  TA0_0_IRQHandler        
000006cb  TA1_0_IRQHandler        
000006e5  VT_IRQHandler           
4000480c  WDTCTL_SYM              
20010000  __STACK_END             
00000200  __STACK_SIZE            
00000ab0  __TI_CINIT_Base         
00000ab8  __TI_CINIT_Limit        
00000aa8  __TI_Handler_Table_Base 
00000ab0  __TI_Handler_Table_Limit
00000881  __TI_auto_init          
20000024  __TI_cleanup_ptr        
00000a77  __TI_decompress_none    
00000a85  __TI_decompress_rle24   
20000028  __TI_dtors_ptr          
00000000  __TI_static_base__      
00000805  __aeabi_memclr          
00000805  __aeabi_memclr4         
00000805  __aeabi_memclr8         
00000769  __aeabi_memcpy          
00000769  __aeabi_memcpy4         
00000769  __aeabi_memcpy8         
00000807  __aeabi_memset          
00000807  __aeabi_memset4         
00000807  __aeabi_memset8         
ffffffff  __binit__               
ffffffff  __c_args__              
2000fe00  __stack                 
00000a39  _args_main              
00000959  _c_int00                
2000001c  _lock                   
00000a5f  _nop                    
00000a57  _register_lock          
00000a51  _register_unlock        
00000a8b  _system_pre_init        
20000020  _unlock                 
000009f9  abort                   
ffffffff  binit                   
000009a9  copy_in                 
00000a01  exit                    
00000000  interruptVectors        
20000010  laser_count             
20000004  laser_timer_b_flag      
0000049d  main                    
2000002c  main_func_sp            
00000769  memcpy                  
0000080d  memset                  
20000014  on_count                
20000018  on_flag                 
20000000  seconds                 
20000008  ten_sec_timer_a_flag    
2000000c  test_second_flag        


GLOBAL SYMBOLS: SORTED BY Symbol Address 

address   name                    
-------   ----                    
00000000  __TI_static_base__      
00000000  interruptVectors        
00000141  SystemCoreClockUpdate   
00000200  __STACK_SIZE            
000003b5  SystemInit              
0000049d  main                    
00000693  TA0_0_IRQHandler        
000006cb  TA1_0_IRQHandler        
000006e5  VT_IRQHandler           
00000769  __aeabi_memcpy          
00000769  __aeabi_memcpy4         
00000769  __aeabi_memcpy8         
00000769  memcpy                  
00000805  __aeabi_memclr          
00000805  __aeabi_memclr4         
00000805  __aeabi_memclr8         
00000807  __aeabi_memset          
00000807  __aeabi_memset4         
00000807  __aeabi_memset8         
0000080d  memset                  
00000881  __TI_auto_init          
00000959  _c_int00                
000009a9  copy_in                 
000009f5  C$$EXIT                 
000009f9  abort                   
00000a01  exit                    
00000a39  _args_main              
00000a51  _register_unlock        
00000a57  _register_lock          
00000a5f  _nop                    
00000a77  __TI_decompress_none    
00000a85  __TI_decompress_rle24   
00000a8b  _system_pre_init        
00000aa8  __TI_Handler_Table_Base 
00000ab0  __TI_CINIT_Base         
00000ab0  __TI_Handler_Table_Limit
00000ab8  __TI_CINIT_Limit        
20000000  seconds                 
20000004  laser_timer_b_flag      
20000008  ten_sec_timer_a_flag    
2000000c  test_second_flag        
20000010  laser_count             
20000014  on_count                
20000018  on_flag                 
2000001c  _lock                   
20000020  _unlock                 
20000024  __TI_cleanup_ptr        
20000028  __TI_dtors_ptr          
2000002c  main_func_sp            
20000030  SystemCoreClock         
2000fe00  __stack                 
20010000  __STACK_END             
4000480c  WDTCTL_SYM              
ffffffff  __binit__               
ffffffff  __c_args__              
ffffffff  binit                   
UNDEFED   SHT$$INIT_ARRAY$$Base   
UNDEFED   SHT$$INIT_ARRAY$$Limit  

[58 symbols]
