******************************************************************************
                  TI ARM Linker PC v5.2.7                      
******************************************************************************
>> Linked Sun Apr 24 11:47:31 2016

OUTPUT FILE NAME:   <Friendly_Target.out>
ENTRY POINT SYMBOL: "_c_int00"  address: 000037d9


MEMORY CONFIGURATION

         name            origin    length      used     unused   attr    fill
----------------------  --------  ---------  --------  --------  ----  --------
  MAIN                  00000000   00040000  00003d9f  0003c261  R  X
  INFO                  00200000   00004000  00000000  00004000  R  X
  SRAM_CODE             01000000   00010000  00000000  00010000  RW X
  SRAM_DATA             20000000   00010000  00000fe8  0000f018  RW  


SEGMENT ALLOCATION MAP

run origin  load origin   length   init length attrs members
----------  ----------- ---------- ----------- ----- -------
00000000    00000000    00003da0   00003da0    r-x
  00000000    00000000    00000140   00000140    r-- .intvecs
  00000140    00000140    00003a8e   00003a8e    r-x .text
  00003bce    00003bce    00000101   00000101    r-- .const
  00003cd0    00003cd0    000000d0   000000d0    r-- .cinit
20000000    20000000    00000de8   00000000    rw-
  20000000    20000000    00000800   00000000    rw- .sysmem
  20000800    20000800    00000360   00000000    rw- .data
  20000b60    20000b60    00000288   00000000    rw- .bss
2000fe00    2000fe00    00000200   00000000    rw-
  2000fe00    2000fe00    00000200   00000000    rw- .stack


SECTION ALLOCATION MAP

 output                                  attributes/
section   page    origin      length       input sections
--------  ----  ----------  ----------   ----------------
.intvecs   0    00000000    00000140     
                  00000000    00000140     startup_msp432p401r_ccs.obj (.intvecs:retain)

.text      0    00000140    00003a8e     
                  00000140    000010ba     rtsv7M4_T_le_v4SPD16_eabi.lib : _printfi.obj (.text)
                  000011fa    00000002     --HOLE-- [fill = 0]
                  000011fc    00000558     target_main.obj (.text)
                  00001754    000003dc     rtsv7M4_T_le_v4SPD16_eabi.lib : memory.obj (.text)
                  00001b30    0000035c     system_msp432p401r.obj (.text)
                  00001e8c    0000030c     rtsv7M4_T_le_v4SPD16_eabi.lib : lowlev.obj (.text)
                  00002198    000002d4                                   : trgdrv.obj (.text)
                  0000246c    000001f4                                   : ull_div_t2.obj (.text)
                  00002660    000001c4                                   : fopen.obj (.text)
                  00002824    000001b6                                   : fd_add_t2.obj (.text)
                  000029da    00000136                                   : fd_div_t2.obj (.text)
                  00002b10    00000134                                   : fputs.obj (.text)
                  00002c44    00000110                                   : xdscale.obj (.text)
                  00002d54    000000fc                                   : fd_mul_t2.obj (.text)
                  00002e50    000000dc                                   : setvbuf.obj (.text)
                  00002f2c    000000c8                                   : fflush.obj (.text)
                  00002ff4    000000be                                   : xdnorm.obj (.text)
                  000030b2    000000ac                                   : _io_perm.obj (.text)
                  0000315e    0000009c                                   : memcpy_t2.obj (.text)
                  000031fa    00000002     --HOLE-- [fill = 0]
                  000031fc    00000098                                   : fclose.obj (.text)
                  00003294    00000098                                   : fputc.obj (.text)
                  0000332c    00000086                                   : fd_cmp_t2.obj (.text:__aeabi_cdcmple)
                  000033b2    00000086                                   : fd_cmp_t2.obj (.text:__aeabi_cdrcmple)
                  00003438    0000007a                                   : memset_t2.obj (.text)
                  000034b2    00000002     --HOLE-- [fill = 0]
                  000034b4    00000070                                   : printf.obj (.text)
                  00003524    0000006c                                   : autoinit.obj (.text)
                  00003590    0000006a                                   : copy_decompress_rle.obj (.text)
                  000035fa    00000002     --HOLE-- [fill = 0]
                  000035fc    00000068                                   : trgmsg.obj (.text)
                  00003664    00000066                                   : xdunscal.obj (.text)
                  000036ca    00000002     --HOLE-- [fill = 0]
                  000036cc    00000064                                   : fseek.obj (.text)
                  00003730    00000056                                   : ltoa.obj (.text)
                  00003786    00000052                                   : ldexp.obj (.text)
                  000037d8    00000050                                   : boot.obj (.text)
                  00003828    0000004c                                   : atoi.obj (.text)
                  00003874    0000004c                                   : cpy_tbl.obj (.text)
                  000038c0    00000048                                   : fd_toi_t2.obj (.text)
                  00003908    00000044                                   : exit.obj (.text)
                  0000394c    00000040                                   : signal.obj (.text)
                  0000398c    00000034                                   : feraiseexcept.obj (.text)
                  000039c0    00000030                                   : strncpy.obj (.text)
                  000039f0    00000030                                   : xdclass.obj (.text)
                  00003a20    00000030                                   : xferaise.obj (.text)
                  00003a50    0000002e                                   : i_tofd_t2.obj (.text)
                  00003a7e    0000002e                                   : raise.obj (.text)
                  00003aac    0000002a                                   : frexp.obj (.text)
                  00003ad6    00000020                                   : memchr.obj (.text)
                  00003af6    0000001c                                   : memccpy.obj (.text)
                  00003b12    00000002     --HOLE-- [fill = 0]
                  00003b14    00000018                                   : args_main.obj (.text)
                  00003b2c    00000018                                   : strcmp.obj (.text)
                  00003b44    00000016                                   : strchr.obj (.text)
                  00003b5a    00000002     --HOLE-- [fill = 0]
                  00003b5c    00000014                                   : _lock.obj (.text)
                  00003b70    00000014                                   : strcpy.obj (.text)
                  00003b84    00000014                                   : strlen.obj (.text)
                  00003b98    00000012     startup_msp432p401r_ccs.obj (.text)
                  00003baa    0000000e     rtsv7M4_T_le_v4SPD16_eabi.lib : copy_decompress_none.obj (.text:decompress:none)
                  00003bb8    0000000c                                   : copy_zero_init.obj (.text:decompress:ZI)
                  00003bc4    00000006                                   : copy_decompress_rle.obj (.text:decompress:rle24)
                  00003bca    00000004                                   : pre_init.obj (.text)

.const     0    00003bce    00000101     
                  00003bce    00000101     rtsv7M4_T_le_v4SPD16_eabi.lib : ctype.obj (.const:.string:_ctypes_)

.cinit     0    00003cd0    000000d0     
                  00003cd0    000000a9     (.cinit..data.load) [load image, compression = rle]
                  00003d79    00000003     --HOLE-- [fill = 0]
                  00003d7c    0000000c     (__TI_handler_table)
                  00003d88    00000008     (.cinit..bss.load) [load image, compression = zero_init]
                  00003d90    00000010     (__TI_cinit_table)

.init_array 
*          0    00000000    00000000     UNINITIALIZED

.sysmem    0    20000000    00000800     UNINITIALIZED
                  20000000    00000008     rtsv7M4_T_le_v4SPD16_eabi.lib : memory.obj (.sysmem)
                  20000008    000007f8     --HOLE--

.data      0    20000800    00000360     UNINITIALIZED
                  20000800    000000f0     rtsv7M4_T_le_v4SPD16_eabi.lib : defs.obj (.data:_ftable)
                  200008f0    000000d0                                   : lowlev.obj (.data)
                  200009c0    000000b0                                   : signal.obj (.data:sigtable)
                  20000a70    00000080                                   : xvalues.obj (.data)
                  20000af0    0000002c     target_main.obj (.data)
                  20000b1c    00000010     rtsv7M4_T_le_v4SPD16_eabi.lib : defs.obj (.data)
                  20000b2c    0000000c                                   : memory.obj (.data)
                  20000b38    00000008                                   : _lock.obj (.data)
                  20000b40    00000008                                   : exit.obj (.data)
                  20000b48    00000008                                   : feraiseexcept.obj (.data)
                  20000b50    00000004                                   : errno.obj (.data)
                  20000b54    00000004                                   : fopen.obj (.data)
                  20000b58    00000004                                   : stkdepth_vars.obj (.data)
                  20000b5c    00000004     system_msp432p401r.obj (.data)

.TI.persistent 
*          0    20000800    00000000     UNINITIALIZED

.bss       0    20000b60    00000288     UNINITIALIZED
                  20000b60    00000120     rtsv7M4_T_le_v4SPD16_eabi.lib : trgmsg.obj (.bss:__CIOBUF_)
                  20000c80    000000a0                                   : defs.obj (.bss:__TI_tmpnams)
                  20000d20    00000080     target_main.obj (.bss:photo_binary)
                  20000da0    00000020     (.common:packet)
                  20000dc0    00000010     (.common:photo_current)
                  20000dd0    00000010     (.common:photo_last)
                  20000de0    00000008     (.common:parmbuf)

.TI.noinit 
*          0    20000b60    00000000     UNINITIALIZED

.stack     0    2000fe00    00000200     UNINITIALIZED
                  2000fe00    00000200     --HOLE--


LINKER GENERATED COPY TABLES

__TI_cinit_table @ 00003d90 records: 2, size/record: 8, table size: 16
	.data: load addr=00003cd0, load size=000000a9 bytes, run addr=20000800, run size=00000360 bytes, compression=rle
	.bss: load addr=00003d88, load size=00000008 bytes, run addr=20000b60, run size=00000288 bytes, compression=zero_init


LINKER GENERATED HANDLER TABLE

__TI_handler_table @ 00003d7c records: 3, size/record: 4, table size: 12
	index: 0, handler: __TI_decompress_rle24
	index: 1, handler: __TI_decompress_none
	index: 2, handler: __TI_zero_init


GLOBAL SYMBOLS: SORTED ALPHABETICALLY BY Name 

address   name                           
-------   ----                           
000016eb  ADC14_IRQHandler               
00003909  C$$EXIT                        
0000362b  C$$IO$$                        
00002425  HOSTclock                      
000023ed  HOSTclose                      
000023af  HOSTgetenv                     
00002353  HOSTlseek                      
00002301  HOSTopen                       
000022b5  HOSTread                       
00002257  HOSTrename                     
0000221d  HOSTtime                       
000021e5  HOSTunlink                     
00002199  HOSTwrite                      
UNDEFED   SHT$$INIT_ARRAY$$Base          
UNDEFED   SHT$$INIT_ARRAY$$Limit         
20000b5c  SystemCoreClock                
00001b31  SystemCoreClockUpdate          
00001da5  SystemInit                     
00001699  TA0_0_IRQHandler               
000016d1  TA1_0_IRQHandler               
4000480c  WDTCTL_SYM                     
000039f1  _Dclass                        
20000a70  _Denorm                        
00002ff5  _Dnorm                         
00002c45  _Dscale                        
00003665  _Dunscale                      
20000a80  _Eps                           
20000b50  _Errno                         
20000b48  _Fenv                          
00003a21  _Feraise                       
20000a90  _Hugeval                       
20000aa0  _Inf                           
20000ab0  _Nan                           
20000ad0  _Rteps                         
20000ac0  _Snan                          
20000b4c  _Tls_setup__Fenv               
20000ae0  _Xbig                          
20000ae8  _Zero                          
20000b60  __CIOBUF_                      
20010000  __STACK_END                    
00000200  __STACK_SIZE                   
00000800  __SYSMEM_SIZE                  
00003d90  __TI_CINIT_Base                
00003da0  __TI_CINIT_Limit               
00003d7c  __TI_Handler_Table_Base        
00003d88  __TI_Handler_Table_Limit       
00003525  __TI_auto_init                 
00002729  __TI_cleanup                   
20000b40  __TI_cleanup_ptr               
000031fd  __TI_closefile                 
00003bab  __TI_decompress_none           
00003bc5  __TI_decompress_rle24          
00002f2d  __TI_doflush                   
20000b44  __TI_dtors_ptr                 
20000b1c  __TI_ft_end                    
00000ef5  __TI_printfi                   
00003115  __TI_rd_ok                     
0000362f  __TI_readmsg                   
00000000  __TI_static_base__             
20000c80  __TI_tmpnams                   
000035fd  __TI_writemsg                  
000030b3  __TI_wrt_ok                    
00003bb9  __TI_zero_init                 
0000332d  __aeabi_cdcmpeq                
0000332d  __aeabi_cdcmple                
000033b3  __aeabi_cdrcmple               
000038c1  __aeabi_d2iz                   
0000282f  __aeabi_dadd                   
000029db  __aeabi_ddiv                   
00002d55  __aeabi_dmul                   
00002825  __aeabi_dsub                   
00003a51  __aeabi_i2d                    
00003439  __aeabi_memclr                 
00003439  __aeabi_memclr4                
00003439  __aeabi_memclr8                
0000315f  __aeabi_memcpy                 
0000315f  __aeabi_memcpy4                
0000315f  __aeabi_memcpy8                
0000343b  __aeabi_memset                 
0000343b  __aeabi_memset4                
0000343b  __aeabi_memset8                
20000b28  __aeabi_stderr                 
20000b20  __aeabi_stdin                  
20000b24  __aeabi_stdout                 
0000246d  __aeabi_uldivmod               
ffffffff  __binit__                      
ffffffff  __c_args__                     
2000fe00  __stack                        
00003b15  _args_main                     
000037d9  _c_int00                       
00003bce  _ctypes_                       
20000800  _ftable                        
20000b38  _lock                          
00003b6b  _nop                           
00003b63  _register_lock                 
00003b5d  _register_unlock               
20000000  _sys_memory                    
00003bcb  _system_pre_init               
20000b3c  _unlock                        
0000390d  abort                          
000020ed  add_device                     
00003829  atoi                           
ffffffff  binit                          
00001afd  calloc                         
000011fd  check_for_zero                 
0000209d  close                          
00003875  copy_in                        
00001223  count_packet                   
00003915  exit                           
00003263  fclose                         
0000398d  feraiseexcept                  
00002f79  fflush                         
0000277f  fopen                          
00003295  fputc                          
00002b11  fputs                          
0000184b  free                           
00002755  freopen                        
00003aad  frexp                          
000036cd  fseek                          
000012d1  get_binary                     
0000133b  get_photo_binaries             
000012a7  get_prev_binary_value          
00000000  interruptVectors               
20000b04  laser_count                    
20000af4  laser_timer_b_flag             
00003787  ldexp                          
00002079  lseek                          
00003731  ltoa                           
00001381  main                           
20000b58  main_func_sp                   
000017e3  malloc                         
00001a19  memalign                       
00003af7  memccpy                        
00003ad7  memchr                         
0000315f  memcpy                         
00003441  memset                         
00001755  minit                          
20000b0c  missed_packets                 
00001257  next_photo_idx                 
00001fcb  open                           
20000b14  our_count                      
20000da0  packet                         
20000d20  photo_binary                   
20000dc0  photo_current                  
20000b08  photo_idx                      
20000dd0  photo_last                     
000034bd  printf                         
00003295  putc                           
00003319  putchar                        
00002c1d  puts                           
00003a7f  raise                          
00001fa7  read                           
0000190d  realloc                        
00001f1d  remove                         
00001f7f  remove_device                  
00001f41  rename                         
20000af0  seconds                        
00002e51  setvbuf                        
0000394d  signal                         
20000b18  sixteen_count                  
20000b10  start_counting                 
00003b45  strchr                         
00003b2d  strcmp                         
00003b71  strcpy                         
00003b85  strlen                         
000039c1  strncpy                        
20000af8  ten_sec_timer_a_flag           
00001f1d  unlink                         
00001271  update_indices                 
20000afc  valid_transmission             
20000b00  valid_transmission_starting_idx
00001e8d  write                          


GLOBAL SYMBOLS: SORTED BY Symbol Address 

address   name                           
-------   ----                           
00000000  __TI_static_base__             
00000000  interruptVectors               
00000200  __STACK_SIZE                   
00000800  __SYSMEM_SIZE                  
00000ef5  __TI_printfi                   
000011fd  check_for_zero                 
00001223  count_packet                   
00001257  next_photo_idx                 
00001271  update_indices                 
000012a7  get_prev_binary_value          
000012d1  get_binary                     
0000133b  get_photo_binaries             
00001381  main                           
00001699  TA0_0_IRQHandler               
000016d1  TA1_0_IRQHandler               
000016eb  ADC14_IRQHandler               
00001755  minit                          
000017e3  malloc                         
0000184b  free                           
0000190d  realloc                        
00001a19  memalign                       
00001afd  calloc                         
00001b31  SystemCoreClockUpdate          
00001da5  SystemInit                     
00001e8d  write                          
00001f1d  remove                         
00001f1d  unlink                         
00001f41  rename                         
00001f7f  remove_device                  
00001fa7  read                           
00001fcb  open                           
00002079  lseek                          
0000209d  close                          
000020ed  add_device                     
00002199  HOSTwrite                      
000021e5  HOSTunlink                     
0000221d  HOSTtime                       
00002257  HOSTrename                     
000022b5  HOSTread                       
00002301  HOSTopen                       
00002353  HOSTlseek                      
000023af  HOSTgetenv                     
000023ed  HOSTclose                      
00002425  HOSTclock                      
0000246d  __aeabi_uldivmod               
00002729  __TI_cleanup                   
00002755  freopen                        
0000277f  fopen                          
00002825  __aeabi_dsub                   
0000282f  __aeabi_dadd                   
000029db  __aeabi_ddiv                   
00002b11  fputs                          
00002c1d  puts                           
00002c45  _Dscale                        
00002d55  __aeabi_dmul                   
00002e51  setvbuf                        
00002f2d  __TI_doflush                   
00002f79  fflush                         
00002ff5  _Dnorm                         
000030b3  __TI_wrt_ok                    
00003115  __TI_rd_ok                     
0000315f  __aeabi_memcpy                 
0000315f  __aeabi_memcpy4                
0000315f  __aeabi_memcpy8                
0000315f  memcpy                         
000031fd  __TI_closefile                 
00003263  fclose                         
00003295  fputc                          
00003295  putc                           
00003319  putchar                        
0000332d  __aeabi_cdcmpeq                
0000332d  __aeabi_cdcmple                
000033b3  __aeabi_cdrcmple               
00003439  __aeabi_memclr                 
00003439  __aeabi_memclr4                
00003439  __aeabi_memclr8                
0000343b  __aeabi_memset                 
0000343b  __aeabi_memset4                
0000343b  __aeabi_memset8                
00003441  memset                         
000034bd  printf                         
00003525  __TI_auto_init                 
000035fd  __TI_writemsg                  
0000362b  C$$IO$$                        
0000362f  __TI_readmsg                   
00003665  _Dunscale                      
000036cd  fseek                          
00003731  ltoa                           
00003787  ldexp                          
000037d9  _c_int00                       
00003829  atoi                           
00003875  copy_in                        
000038c1  __aeabi_d2iz                   
00003909  C$$EXIT                        
0000390d  abort                          
00003915  exit                           
0000394d  signal                         
0000398d  feraiseexcept                  
000039c1  strncpy                        
000039f1  _Dclass                        
00003a21  _Feraise                       
00003a51  __aeabi_i2d                    
00003a7f  raise                          
00003aad  frexp                          
00003ad7  memchr                         
00003af7  memccpy                        
00003b15  _args_main                     
00003b2d  strcmp                         
00003b45  strchr                         
00003b5d  _register_unlock               
00003b63  _register_lock                 
00003b6b  _nop                           
00003b71  strcpy                         
00003b85  strlen                         
00003bab  __TI_decompress_none           
00003bb9  __TI_zero_init                 
00003bc5  __TI_decompress_rle24          
00003bcb  _system_pre_init               
00003bce  _ctypes_                       
00003d7c  __TI_Handler_Table_Base        
00003d88  __TI_Handler_Table_Limit       
00003d90  __TI_CINIT_Base                
00003da0  __TI_CINIT_Limit               
20000000  _sys_memory                    
20000800  _ftable                        
20000a70  _Denorm                        
20000a80  _Eps                           
20000a90  _Hugeval                       
20000aa0  _Inf                           
20000ab0  _Nan                           
20000ac0  _Snan                          
20000ad0  _Rteps                         
20000ae0  _Xbig                          
20000ae8  _Zero                          
20000af0  seconds                        
20000af4  laser_timer_b_flag             
20000af8  ten_sec_timer_a_flag           
20000afc  valid_transmission             
20000b00  valid_transmission_starting_idx
20000b04  laser_count                    
20000b08  photo_idx                      
20000b0c  missed_packets                 
20000b10  start_counting                 
20000b14  our_count                      
20000b18  sixteen_count                  
20000b1c  __TI_ft_end                    
20000b20  __aeabi_stdin                  
20000b24  __aeabi_stdout                 
20000b28  __aeabi_stderr                 
20000b38  _lock                          
20000b3c  _unlock                        
20000b40  __TI_cleanup_ptr               
20000b44  __TI_dtors_ptr                 
20000b48  _Fenv                          
20000b4c  _Tls_setup__Fenv               
20000b50  _Errno                         
20000b58  main_func_sp                   
20000b5c  SystemCoreClock                
20000b60  __CIOBUF_                      
20000c80  __TI_tmpnams                   
20000d20  photo_binary                   
20000da0  packet                         
20000dc0  photo_current                  
20000dd0  photo_last                     
2000fe00  __stack                        
20010000  __STACK_END                    
4000480c  WDTCTL_SYM                     
ffffffff  __binit__                      
ffffffff  __c_args__                     
ffffffff  binit                          
UNDEFED   SHT$$INIT_ARRAY$$Base          
UNDEFED   SHT$$INIT_ARRAY$$Limit         

[172 symbols]
