******************************************************************************
                  TI ARM Linker PC v5.2.7                      
******************************************************************************
>> Linked Thu Apr 14 11:53:24 2016

OUTPUT FILE NAME:   <Friendly_Target.out>
ENTRY POINT SYMBOL: "_c_int00"  address: 00000a15


MEMORY CONFIGURATION

         name            origin    length      used     unused   attr    fill
----------------------  --------  ---------  --------  --------  ----  --------
  MAIN                  00000000   00040000  00000b96  0003f46a  R  X
  INFO                  00200000   00004000  00000000  00004000  R  X
  SRAM_CODE             01000000   00010000  00000000  00010000  RW X
  SRAM_DATA             20000000   00010000  000002ec  0000fd14  RW  


SEGMENT ALLOCATION MAP

run origin  load origin   length   init length attrs members
----------  ----------- ---------- ----------- ----- -------
00000000    00000000    00000b98   00000b98    r-x
  00000000    00000000    00000140   00000140    r-- .intvecs
  00000140    00000140    00000a16   00000a16    r-x .text
  00000b58    00000b58    00000040   00000040    r-- .cinit
20000000    20000000    000000ec   00000000    rw-
  20000000    20000000    000000c0   00000000    rw- .bss
  200000c0    200000c0    0000002c   00000000    rw- .data
2000fe00    2000fe00    00000200   00000000    rw-
  2000fe00    2000fe00    00000200   00000000    rw- .stack


SECTION ALLOCATION MAP

 output                                  attributes/
section   page    origin      length       input sections
--------  ----  ----------  ----------   ----------------
.intvecs   0    00000000    00000140     
                  00000000    00000140     startup_msp432p401r_ccs.obj (.intvecs:retain)

.text      0    00000140    00000a16     
                  00000140    00000388     target_main.obj (.text)
                  000004c8    0000035c     system_msp432p401r.obj (.text)
                  00000824    0000009c     rtsv7M4_T_le_v4SPD16_eabi.lib : memcpy_t2.obj (.text)
                  000008c0    0000007a                                   : memset_t2.obj (.text)
                  0000093a    00000002     --HOLE-- [fill = 0]
                  0000093c    0000006c                                   : autoinit.obj (.text)
                  000009a8    0000006a                                   : copy_decompress_rle.obj (.text)
                  00000a12    00000002     --HOLE-- [fill = 0]
                  00000a14    00000050                                   : boot.obj (.text)
                  00000a64    0000004c                                   : cpy_tbl.obj (.text)
                  00000ab0    00000044                                   : exit.obj (.text)
                  00000af4    00000018                                   : args_main.obj (.text)
                  00000b0c    00000014                                   : _lock.obj (.text)
                  00000b20    00000012     startup_msp432p401r_ccs.obj (.text)
                  00000b32    0000000e     rtsv7M4_T_le_v4SPD16_eabi.lib : copy_decompress_none.obj (.text:decompress:none)
                  00000b40    0000000c                                   : copy_zero_init.obj (.text:decompress:ZI)
                  00000b4c    00000006                                   : copy_decompress_rle.obj (.text:decompress:rle24)
                  00000b52    00000004                                   : pre_init.obj (.text)

.cinit     0    00000b58    00000040     
                  00000b58    00000015     (.cinit..data.load) [load image, compression = rle]
                  00000b6d    00000003     --HOLE-- [fill = 0]
                  00000b70    0000000c     (__TI_handler_table)
                  00000b7c    00000004     --HOLE-- [fill = 0]
                  00000b80    00000008     (.cinit..bss.load) [load image, compression = zero_init]
                  00000b88    00000010     (__TI_cinit_table)

.init_array 
*          0    00000000    00000000     UNINITIALIZED

.bss       0    20000000    000000c0     UNINITIALIZED
                  20000000    00000080     target_main.obj (.bss:photo_binary)
                  20000080    00000020     (.common:i$1)
                  200000a0    00000010     (.common:photo_current)
                  200000b0    00000010     (.common:photo_last)

.data      0    200000c0    0000002c     UNINITIALIZED
                  200000c0    00000014     target_main.obj (.data)
                  200000d4    00000008     rtsv7M4_T_le_v4SPD16_eabi.lib : _lock.obj (.data)
                  200000dc    00000008                                   : exit.obj (.data)
                  200000e4    00000004                                   : stkdepth_vars.obj (.data)
                  200000e8    00000004     system_msp432p401r.obj (.data)

.TI.noinit 
*          0    20000000    00000000     UNINITIALIZED

.TI.persistent 
*          0    200000c0    00000000     UNINITIALIZED

.stack     0    2000fe00    00000200     UNINITIALIZED
                  2000fe00    00000200     --HOLE--


LINKER GENERATED COPY TABLES

__TI_cinit_table @ 00000b88 records: 2, size/record: 8, table size: 16
	.data: load addr=00000b58, load size=00000015 bytes, run addr=200000c0, run size=0000002c bytes, compression=rle
	.bss: load addr=00000b80, load size=00000008 bytes, run addr=20000000, run size=000000c0 bytes, compression=zero_init


LINKER GENERATED HANDLER TABLE

__TI_handler_table @ 00000b70 records: 3, size/record: 4, table size: 12
	index: 0, handler: __TI_decompress_rle24
	index: 1, handler: __TI_decompress_none
	index: 2, handler: __TI_zero_init


GLOBAL SYMBOLS: SORTED ALPHABETICALLY BY Name 

address   name                    
-------   ----                    
0000043d  ADC14_IRQHandler        
00000ab1  C$$EXIT                 
UNDEFED   SHT$$INIT_ARRAY$$Base   
UNDEFED   SHT$$INIT_ARRAY$$Limit  
200000e8  SystemCoreClock         
000004c9  SystemCoreClockUpdate   
0000073d  SystemInit              
000003eb  TA0_0_IRQHandler        
00000423  TA1_0_IRQHandler        
4000480c  WDTCTL_SYM              
20010000  __STACK_END             
00000200  __STACK_SIZE            
00000b88  __TI_CINIT_Base         
00000b98  __TI_CINIT_Limit        
00000b70  __TI_Handler_Table_Base 
00000b7c  __TI_Handler_Table_Limit
0000093d  __TI_auto_init          
200000dc  __TI_cleanup_ptr        
00000b33  __TI_decompress_none    
00000b4d  __TI_decompress_rle24   
200000e0  __TI_dtors_ptr          
00000000  __TI_static_base__      
00000b41  __TI_zero_init          
000008c1  __aeabi_memclr          
000008c1  __aeabi_memclr4         
000008c1  __aeabi_memclr8         
00000825  __aeabi_memcpy          
00000825  __aeabi_memcpy4         
00000825  __aeabi_memcpy8         
000008c3  __aeabi_memset          
000008c3  __aeabi_memset4         
000008c3  __aeabi_memset8         
ffffffff  __binit__               
ffffffff  __c_args__              
2000fe00  __stack                 
00000af5  _args_main              
00000a15  _c_int00                
200000d4  _lock                   
00000b1b  _nop                    
00000b13  _register_lock          
00000b0d  _register_unlock        
00000b53  _system_pre_init        
200000d8  _unlock                 
00000ab5  abort                   
ffffffff  binit                   
00000a65  copy_in                 
00000abd  exit                    
000001af  get_binary              
00000219  get_photo_binaries      
00000185  get_prev_binary_value   
00000000  interruptVectors        
200000cc  laser_count             
200000c4  laser_timer_b_flag      
0000023d  main                    
200000e4  main_func_sp            
00000825  memcpy                  
000008c9  memset                  
20000000  photo_binary            
200000a0  photo_current           
200000d0  photo_idx               
200000b0  photo_last              
200000c0  seconds                 
200000c8  ten_sec_timer_a_flag    
00000141  update_indices          


GLOBAL SYMBOLS: SORTED BY Symbol Address 

address   name                    
-------   ----                    
00000000  __TI_static_base__      
00000000  interruptVectors        
00000141  update_indices          
00000185  get_prev_binary_value   
000001af  get_binary              
00000200  __STACK_SIZE            
00000219  get_photo_binaries      
0000023d  main                    
000003eb  TA0_0_IRQHandler        
00000423  TA1_0_IRQHandler        
0000043d  ADC14_IRQHandler        
000004c9  SystemCoreClockUpdate   
0000073d  SystemInit              
00000825  __aeabi_memcpy          
00000825  __aeabi_memcpy4         
00000825  __aeabi_memcpy8         
00000825  memcpy                  
000008c1  __aeabi_memclr          
000008c1  __aeabi_memclr4         
000008c1  __aeabi_memclr8         
000008c3  __aeabi_memset          
000008c3  __aeabi_memset4         
000008c3  __aeabi_memset8         
000008c9  memset                  
0000093d  __TI_auto_init          
00000a15  _c_int00                
00000a65  copy_in                 
00000ab1  C$$EXIT                 
00000ab5  abort                   
00000abd  exit                    
00000af5  _args_main              
00000b0d  _register_unlock        
00000b13  _register_lock          
00000b1b  _nop                    
00000b33  __TI_decompress_none    
00000b41  __TI_zero_init          
00000b4d  __TI_decompress_rle24   
00000b53  _system_pre_init        
00000b70  __TI_Handler_Table_Base 
00000b7c  __TI_Handler_Table_Limit
00000b88  __TI_CINIT_Base         
00000b98  __TI_CINIT_Limit        
20000000  photo_binary            
200000a0  photo_current           
200000b0  photo_last              
200000c0  seconds                 
200000c4  laser_timer_b_flag      
200000c8  ten_sec_timer_a_flag    
200000cc  laser_count             
200000d0  photo_idx               
200000d4  _lock                   
200000d8  _unlock                 
200000dc  __TI_cleanup_ptr        
200000e0  __TI_dtors_ptr          
200000e4  main_func_sp            
200000e8  SystemCoreClock         
2000fe00  __stack                 
20010000  __STACK_END             
4000480c  WDTCTL_SYM              
ffffffff  __binit__               
ffffffff  __c_args__              
ffffffff  binit                   
UNDEFED   SHT$$INIT_ARRAY$$Base   
UNDEFED   SHT$$INIT_ARRAY$$Limit  

[64 symbols]
