******************************************************************************
                  TI ARM Linker PC v5.2.7                      
******************************************************************************
>> Linked Sat Apr 23 16:46:55 2016

OUTPUT FILE NAME:   <Friendly_Target.out>
ENTRY POINT SYMBOL: "_c_int00"  address: 00000ba9


MEMORY CONFIGURATION

         name            origin    length      used     unused   attr    fill
----------------------  --------  ---------  --------  --------  ----  --------
  MAIN                  00000000   00040000  00000d2a  0003f2d6  R  X
  INFO                  00200000   00004000  00000000  00004000  R  X
  SRAM_CODE             01000000   00010000  00000000  00010000  RW X
  SRAM_DATA             20000000   00010000  00000304  0000fcfc  RW  


SEGMENT ALLOCATION MAP

run origin  load origin   length   init length attrs members
----------  ----------- ---------- ----------- ----- -------
00000000    00000000    00000d30   00000d30    r-x
  00000000    00000000    00000140   00000140    r-- .intvecs
  00000140    00000140    00000baa   00000baa    r-x .text
  00000cf0    00000cf0    00000040   00000040    r-- .cinit
20000000    20000000    00000104   00000000    rw-
  20000000    20000000    000000c0   00000000    rw- .bss
  200000c0    200000c0    00000044   00000000    rw- .data
2000fe00    2000fe00    00000200   00000000    rw-
  2000fe00    2000fe00    00000200   00000000    rw- .stack


SECTION ALLOCATION MAP

 output                                  attributes/
section   page    origin      length       input sections
--------  ----  ----------  ----------   ----------------
.intvecs   0    00000000    00000140     
                  00000000    00000140     startup_msp432p401r_ccs.obj (.intvecs:retain)

.text      0    00000140    00000baa     
                  00000140    0000051c     target_main.obj (.text)
                  0000065c    0000035c     system_msp432p401r.obj (.text)
                  000009b8    0000009c     rtsv7M4_T_le_v4SPD16_eabi.lib : memcpy_t2.obj (.text)
                  00000a54    0000007a                                   : memset_t2.obj (.text)
                  00000ace    00000002     --HOLE-- [fill = 0]
                  00000ad0    0000006c                                   : autoinit.obj (.text)
                  00000b3c    0000006a                                   : copy_decompress_rle.obj (.text)
                  00000ba6    00000002     --HOLE-- [fill = 0]
                  00000ba8    00000050                                   : boot.obj (.text)
                  00000bf8    0000004c                                   : cpy_tbl.obj (.text)
                  00000c44    00000044                                   : exit.obj (.text)
                  00000c88    00000018                                   : args_main.obj (.text)
                  00000ca0    00000014                                   : _lock.obj (.text)
                  00000cb4    00000012     startup_msp432p401r_ccs.obj (.text)
                  00000cc6    0000000e     rtsv7M4_T_le_v4SPD16_eabi.lib : copy_decompress_none.obj (.text:decompress:none)
                  00000cd4    0000000c                                   : copy_zero_init.obj (.text:decompress:ZI)
                  00000ce0    00000006                                   : copy_decompress_rle.obj (.text:decompress:rle24)
                  00000ce6    00000004                                   : pre_init.obj (.text)

.cinit     0    00000cf0    00000040     
                  00000cf0    00000015     (.cinit..data.load) [load image, compression = rle]
                  00000d05    00000003     --HOLE-- [fill = 0]
                  00000d08    0000000c     (__TI_handler_table)
                  00000d14    00000004     --HOLE-- [fill = 0]
                  00000d18    00000008     (.cinit..bss.load) [load image, compression = zero_init]
                  00000d20    00000010     (__TI_cinit_table)

.init_array 
*          0    00000000    00000000     UNINITIALIZED

.bss       0    20000000    000000c0     UNINITIALIZED
                  20000000    00000080     target_main.obj (.bss:photo_binary)
                  20000080    00000020     (.common:packet)
                  200000a0    00000010     (.common:photo_current)
                  200000b0    00000010     (.common:photo_last)

.data      0    200000c0    00000044     UNINITIALIZED
                  200000c0    0000002c     target_main.obj (.data)
                  200000ec    00000008     rtsv7M4_T_le_v4SPD16_eabi.lib : _lock.obj (.data)
                  200000f4    00000008                                   : exit.obj (.data)
                  200000fc    00000004                                   : stkdepth_vars.obj (.data)
                  20000100    00000004     system_msp432p401r.obj (.data)

.TI.noinit 
*          0    20000000    00000000     UNINITIALIZED

.TI.persistent 
*          0    200000c0    00000000     UNINITIALIZED

.stack     0    2000fe00    00000200     UNINITIALIZED
                  2000fe00    00000200     --HOLE--


LINKER GENERATED COPY TABLES

__TI_cinit_table @ 00000d20 records: 2, size/record: 8, table size: 16
	.data: load addr=00000cf0, load size=00000015 bytes, run addr=200000c0, run size=00000044 bytes, compression=rle
	.bss: load addr=00000d18, load size=00000008 bytes, run addr=20000000, run size=000000c0 bytes, compression=zero_init


LINKER GENERATED HANDLER TABLE

__TI_handler_table @ 00000d08 records: 3, size/record: 4, table size: 12
	index: 0, handler: __TI_decompress_rle24
	index: 1, handler: __TI_decompress_none
	index: 2, handler: __TI_zero_init


GLOBAL SYMBOLS: SORTED ALPHABETICALLY BY Name 

address   name                         
-------   ----                         
000005f3  ADC14_IRQHandler             
00000c45  C$$EXIT                      
UNDEFED   SHT$$INIT_ARRAY$$Base        
UNDEFED   SHT$$INIT_ARRAY$$Limit       
20000100  SystemCoreClock              
0000065d  SystemCoreClockUpdate        
000008d1  SystemInit                   
00000585  TA0_0_IRQHandler             
000005d9  TA1_0_IRQHandler             
4000480c  WDTCTL_SYM                   
20010000  __STACK_END                  
00000200  __STACK_SIZE                 
00000d20  __TI_CINIT_Base              
00000d30  __TI_CINIT_Limit             
00000d08  __TI_Handler_Table_Base      
00000d14  __TI_Handler_Table_Limit     
00000ad1  __TI_auto_init               
200000f4  __TI_cleanup_ptr             
00000cc7  __TI_decompress_none         
00000ce1  __TI_decompress_rle24        
200000f8  __TI_dtors_ptr               
00000000  __TI_static_base__           
00000cd5  __TI_zero_init               
00000a55  __aeabi_memclr               
00000a55  __aeabi_memclr4              
00000a55  __aeabi_memclr8              
000009b9  __aeabi_memcpy               
000009b9  __aeabi_memcpy4              
000009b9  __aeabi_memcpy8              
00000a57  __aeabi_memset               
00000a57  __aeabi_memset4              
00000a57  __aeabi_memset8              
ffffffff  __binit__                    
ffffffff  __c_args__                   
2000fe00  __stack                      
00000c89  _args_main                   
00000ba9  _c_int00                     
200000ec  _lock                        
00000caf  _nop                         
00000ca7  _register_lock               
00000ca1  _register_unlock             
00000ce7  _system_pre_init             
200000f0  _unlock                      
00000c49  abort                        
ffffffff  binit                        
00000141  check_for_zero               
00000bf9  copy_in                      
00000161  count_packet                 
00000c51  exit                         
0000020d  get_binary                   
00000277  get_photo_binaries           
000001e3  get_prev_binary_value        
00000000  interruptVectors             
200000d4  laser_count                  
200000c4  laser_timer_b_flag           
000002b5  main                         
200000fc  main_func_sp                 
000009b9  memcpy                       
00000a5d  memset                       
200000dc  missed_packets               
00000193  next_photo_idx               
200000e4  our_count                    
20000080  packet                       
20000000  photo_binary                 
200000a0  photo_current                
200000d8  photo_idx                    
200000b0  photo_last                   
200000c0  seconds                      
200000e8  sixteen_count                
200000e0  start_counting               
200000c8  ten_sec_timer_a_flag         
000001ad  update_indices               
200000cc  valid_transmission           
200000d0  valid_transmission_ending_idx


GLOBAL SYMBOLS: SORTED BY Symbol Address 

address   name                         
-------   ----                         
00000000  __TI_static_base__           
00000000  interruptVectors             
00000141  check_for_zero               
00000161  count_packet                 
00000193  next_photo_idx               
000001ad  update_indices               
000001e3  get_prev_binary_value        
00000200  __STACK_SIZE                 
0000020d  get_binary                   
00000277  get_photo_binaries           
000002b5  main                         
00000585  TA0_0_IRQHandler             
000005d9  TA1_0_IRQHandler             
000005f3  ADC14_IRQHandler             
0000065d  SystemCoreClockUpdate        
000008d1  SystemInit                   
000009b9  __aeabi_memcpy               
000009b9  __aeabi_memcpy4              
000009b9  __aeabi_memcpy8              
000009b9  memcpy                       
00000a55  __aeabi_memclr               
00000a55  __aeabi_memclr4              
00000a55  __aeabi_memclr8              
00000a57  __aeabi_memset               
00000a57  __aeabi_memset4              
00000a57  __aeabi_memset8              
00000a5d  memset                       
00000ad1  __TI_auto_init               
00000ba9  _c_int00                     
00000bf9  copy_in                      
00000c45  C$$EXIT                      
00000c49  abort                        
00000c51  exit                         
00000c89  _args_main                   
00000ca1  _register_unlock             
00000ca7  _register_lock               
00000caf  _nop                         
00000cc7  __TI_decompress_none         
00000cd5  __TI_zero_init               
00000ce1  __TI_decompress_rle24        
00000ce7  _system_pre_init             
00000d08  __TI_Handler_Table_Base      
00000d14  __TI_Handler_Table_Limit     
00000d20  __TI_CINIT_Base              
00000d30  __TI_CINIT_Limit             
20000000  photo_binary                 
20000080  packet                       
200000a0  photo_current                
200000b0  photo_last                   
200000c0  seconds                      
200000c4  laser_timer_b_flag           
200000c8  ten_sec_timer_a_flag         
200000cc  valid_transmission           
200000d0  valid_transmission_ending_idx
200000d4  laser_count                  
200000d8  photo_idx                    
200000dc  missed_packets               
200000e0  start_counting               
200000e4  our_count                    
200000e8  sixteen_count                
200000ec  _lock                        
200000f0  _unlock                      
200000f4  __TI_cleanup_ptr             
200000f8  __TI_dtors_ptr               
200000fc  main_func_sp                 
20000100  SystemCoreClock              
2000fe00  __stack                      
20010000  __STACK_END                  
4000480c  WDTCTL_SYM                   
ffffffff  __binit__                    
ffffffff  __c_args__                   
ffffffff  binit                        
UNDEFED   SHT$$INIT_ARRAY$$Base        
UNDEFED   SHT$$INIT_ARRAY$$Limit       

[74 symbols]
