******************************************************************************
                  TI ARM Linker PC v5.2.7                      
******************************************************************************
>> Linked Fri Apr 15 08:24:11 2016

OUTPUT FILE NAME:   <Friendly_Target.out>
ENTRY POINT SYMBOL: "_c_int00"  address: 00000a8d


MEMORY CONFIGURATION

         name            origin    length      used     unused   attr    fill
----------------------  --------  ---------  --------  --------  ----  --------
  MAIN                  00000000   00040000  00000c0e  0003f3f2  R  X
  INFO                  00200000   00004000  00000000  00004000  R  X
  SRAM_CODE             01000000   00010000  00000000  00010000  RW X
  SRAM_DATA             20000000   00010000  000002d4  0000fd2c  RW  


SEGMENT ALLOCATION MAP

run origin  load origin   length   init length attrs members
----------  ----------- ---------- ----------- ----- -------
00000000    00000000    00000c10   00000c10    r-x
  00000000    00000000    00000140   00000140    r-- .intvecs
  00000140    00000140    00000a8e   00000a8e    r-x .text
  00000bd0    00000bd0    00000040   00000040    r-- .cinit
20000000    20000000    000000d4   00000000    rw-
  20000000    20000000    000000a0   00000000    rw- .bss
  200000a0    200000a0    00000034   00000000    rw- .data
2000fe00    2000fe00    00000200   00000000    rw-
  2000fe00    2000fe00    00000200   00000000    rw- .stack


SECTION ALLOCATION MAP

 output                                  attributes/
section   page    origin      length       input sections
--------  ----  ----------  ----------   ----------------
.intvecs   0    00000000    00000140     
                  00000000    00000140     startup_msp432p401r_ccs.obj (.intvecs:retain)

.text      0    00000140    00000a8e     
                  00000140    00000400     target_main.obj (.text)
                  00000540    0000035c     system_msp432p401r.obj (.text)
                  0000089c    0000009c     rtsv7M4_T_le_v4SPD16_eabi.lib : memcpy_t2.obj (.text)
                  00000938    0000007a                                   : memset_t2.obj (.text)
                  000009b2    00000002     --HOLE-- [fill = 0]
                  000009b4    0000006c                                   : autoinit.obj (.text)
                  00000a20    0000006a                                   : copy_decompress_rle.obj (.text)
                  00000a8a    00000002     --HOLE-- [fill = 0]
                  00000a8c    00000050                                   : boot.obj (.text)
                  00000adc    0000004c                                   : cpy_tbl.obj (.text)
                  00000b28    00000044                                   : exit.obj (.text)
                  00000b6c    00000018                                   : args_main.obj (.text)
                  00000b84    00000014                                   : _lock.obj (.text)
                  00000b98    00000012     startup_msp432p401r_ccs.obj (.text)
                  00000baa    0000000e     rtsv7M4_T_le_v4SPD16_eabi.lib : copy_decompress_none.obj (.text:decompress:none)
                  00000bb8    0000000c                                   : copy_zero_init.obj (.text:decompress:ZI)
                  00000bc4    00000006                                   : copy_decompress_rle.obj (.text:decompress:rle24)
                  00000bca    00000004                                   : pre_init.obj (.text)

.cinit     0    00000bd0    00000040     
                  00000bd0    00000015     (.cinit..data.load) [load image, compression = rle]
                  00000be5    00000003     --HOLE-- [fill = 0]
                  00000be8    0000000c     (__TI_handler_table)
                  00000bf4    00000004     --HOLE-- [fill = 0]
                  00000bf8    00000008     (.cinit..bss.load) [load image, compression = zero_init]
                  00000c00    00000010     (__TI_cinit_table)

.init_array 
*          0    00000000    00000000     UNINITIALIZED

.bss       0    20000000    000000a0     UNINITIALIZED
                  20000000    00000080     target_main.obj (.bss:photo_binary)
                  20000080    00000010     (.common:photo_current)
                  20000090    00000010     (.common:photo_last)

.data      0    200000a0    00000034     UNINITIALIZED
                  200000a0    0000001c     target_main.obj (.data)
                  200000bc    00000008     rtsv7M4_T_le_v4SPD16_eabi.lib : _lock.obj (.data)
                  200000c4    00000008                                   : exit.obj (.data)
                  200000cc    00000004                                   : stkdepth_vars.obj (.data)
                  200000d0    00000004     system_msp432p401r.obj (.data)

.TI.noinit 
*          0    20000000    00000000     UNINITIALIZED

.TI.persistent 
*          0    200000a0    00000000     UNINITIALIZED

.stack     0    2000fe00    00000200     UNINITIALIZED
                  2000fe00    00000200     --HOLE--


LINKER GENERATED COPY TABLES

__TI_cinit_table @ 00000c00 records: 2, size/record: 8, table size: 16
	.data: load addr=00000bd0, load size=00000015 bytes, run addr=200000a0, run size=00000034 bytes, compression=rle
	.bss: load addr=00000bf8, load size=00000008 bytes, run addr=20000000, run size=000000a0 bytes, compression=zero_init


LINKER GENERATED HANDLER TABLE

__TI_handler_table @ 00000be8 records: 3, size/record: 4, table size: 12
	index: 0, handler: __TI_decompress_rle24
	index: 1, handler: __TI_decompress_none
	index: 2, handler: __TI_zero_init


GLOBAL SYMBOLS: SORTED ALPHABETICALLY BY Name 

address   name                         
-------   ----                         
000004c7  ADC14_IRQHandler             
00000b29  C$$EXIT                      
UNDEFED   SHT$$INIT_ARRAY$$Base        
UNDEFED   SHT$$INIT_ARRAY$$Limit       
200000d0  SystemCoreClock              
00000541  SystemCoreClockUpdate        
000007b5  SystemInit                   
00000475  TA0_0_IRQHandler             
000004ad  TA1_0_IRQHandler             
4000480c  WDTCTL_SYM                   
20010000  __STACK_END                  
00000200  __STACK_SIZE                 
00000c00  __TI_CINIT_Base              
00000c10  __TI_CINIT_Limit             
00000be8  __TI_Handler_Table_Base      
00000bf4  __TI_Handler_Table_Limit     
000009b5  __TI_auto_init               
200000c4  __TI_cleanup_ptr             
00000bab  __TI_decompress_none         
00000bc5  __TI_decompress_rle24        
200000c8  __TI_dtors_ptr               
00000000  __TI_static_base__           
00000bb9  __TI_zero_init               
00000939  __aeabi_memclr               
00000939  __aeabi_memclr4              
00000939  __aeabi_memclr8              
0000089d  __aeabi_memcpy               
0000089d  __aeabi_memcpy4              
0000089d  __aeabi_memcpy8              
0000093b  __aeabi_memset               
0000093b  __aeabi_memset4              
0000093b  __aeabi_memset8              
ffffffff  __binit__                    
ffffffff  __c_args__                   
2000fe00  __stack                      
00000b6d  _args_main                   
00000a8d  _c_int00                     
200000bc  _lock                        
00000b93  _nop                         
00000b8b  _register_lock               
00000b85  _register_unlock             
00000bcb  _system_pre_init             
200000c0  _unlock                      
00000b2d  abort                        
ffffffff  binit                        
00000add  copy_in                      
00000b35  exit                         
000001bb  get_binary                   
00000225  get_photo_binaries           
00000191  get_prev_binary_value        
00000000  interruptVectors             
200000b4  laser_count                  
200000a4  laser_timer_b_flag           
00000251  main                         
200000cc  main_func_sp                 
0000089d  memcpy                       
00000941  memset                       
00000141  next_photo_idx               
20000000  photo_binary                 
20000080  photo_current                
200000b8  photo_idx                    
20000090  photo_last                   
200000a0  seconds                      
200000a8  ten_sec_timer_a_flag         
0000015b  update_indices               
200000ac  valid_transmission           
200000b0  valid_transmission_ending_idx


GLOBAL SYMBOLS: SORTED BY Symbol Address 

address   name                         
-------   ----                         
00000000  __TI_static_base__           
00000000  interruptVectors             
00000141  next_photo_idx               
0000015b  update_indices               
00000191  get_prev_binary_value        
000001bb  get_binary                   
00000200  __STACK_SIZE                 
00000225  get_photo_binaries           
00000251  main                         
00000475  TA0_0_IRQHandler             
000004ad  TA1_0_IRQHandler             
000004c7  ADC14_IRQHandler             
00000541  SystemCoreClockUpdate        
000007b5  SystemInit                   
0000089d  __aeabi_memcpy               
0000089d  __aeabi_memcpy4              
0000089d  __aeabi_memcpy8              
0000089d  memcpy                       
00000939  __aeabi_memclr               
00000939  __aeabi_memclr4              
00000939  __aeabi_memclr8              
0000093b  __aeabi_memset               
0000093b  __aeabi_memset4              
0000093b  __aeabi_memset8              
00000941  memset                       
000009b5  __TI_auto_init               
00000a8d  _c_int00                     
00000add  copy_in                      
00000b29  C$$EXIT                      
00000b2d  abort                        
00000b35  exit                         
00000b6d  _args_main                   
00000b85  _register_unlock             
00000b8b  _register_lock               
00000b93  _nop                         
00000bab  __TI_decompress_none         
00000bb9  __TI_zero_init               
00000bc5  __TI_decompress_rle24        
00000bcb  _system_pre_init             
00000be8  __TI_Handler_Table_Base      
00000bf4  __TI_Handler_Table_Limit     
00000c00  __TI_CINIT_Base              
00000c10  __TI_CINIT_Limit             
20000000  photo_binary                 
20000080  photo_current                
20000090  photo_last                   
200000a0  seconds                      
200000a4  laser_timer_b_flag           
200000a8  ten_sec_timer_a_flag         
200000ac  valid_transmission           
200000b0  valid_transmission_ending_idx
200000b4  laser_count                  
200000b8  photo_idx                    
200000bc  _lock                        
200000c0  _unlock                      
200000c4  __TI_cleanup_ptr             
200000c8  __TI_dtors_ptr               
200000cc  main_func_sp                 
200000d0  SystemCoreClock              
2000fe00  __stack                      
20010000  __STACK_END                  
4000480c  WDTCTL_SYM                   
ffffffff  __binit__                    
ffffffff  __c_args__                   
ffffffff  binit                        
UNDEFED   SHT$$INIT_ARRAY$$Base        
UNDEFED   SHT$$INIT_ARRAY$$Limit       

[67 symbols]
