******************************************************************************
                  TI ARM Linker PC v5.2.7                      
******************************************************************************
>> Linked Thu Apr 14 19:56:35 2016

OUTPUT FILE NAME:   <msp432p401_adc14_01.out>
ENTRY POINT SYMBOL: "_c_int00"  address: 00000779


MEMORY CONFIGURATION

         name            origin    length      used     unused   attr    fill
----------------------  --------  ---------  --------  --------  ----  --------
  MAIN                  00000000   00040000  000008d2  0003f72e  R  X
  INFO                  00200000   00004000  00000000  00004000  R  X
  SRAM_CODE             01000000   00010000  00000000  00010000  RW X
  SRAM_DATA             20000000   00010000  00000218  0000fde8  RW  


SEGMENT ALLOCATION MAP

run origin  load origin   length   init length attrs members
----------  ----------- ---------- ----------- ----- -------
00000000    00000000    000008d4   000008d4    r-x
  00000000    00000000    00000140   00000140    r-- .intvecs
  00000140    00000140    0000076e   0000076e    r-x .text
  000008b0    000008b0    00000024   00000024    r-- .cinit
20000000    20000000    00000018   00000000    rw-
  20000000    20000000    00000018   00000000    rw- .data
2000fe00    2000fe00    00000200   00000000    rw-
  2000fe00    2000fe00    00000200   00000000    rw- .stack


SECTION ALLOCATION MAP

 output                                  attributes/
section   page    origin      length       input sections
--------  ----  ----------  ----------   ----------------
.intvecs   0    00000000    00000140     
                  00000000    00000140     startup_msp432p401r_ccs.obj (.intvecs:retain)

.text      0    00000140    0000076e     
                  00000140    0000035c     system_msp432p401r.obj (.text)
                  0000049c    000000ec     msp432p401_adc14_01.obj (.text)
                  00000588    0000009c     rtsv7M4_T_le_v4SPD16_eabi.lib : memcpy_t2.obj (.text)
                  00000624    0000007a                                   : memset_t2.obj (.text)
                  0000069e    00000002     --HOLE-- [fill = 0]
                  000006a0    0000006c                                   : autoinit.obj (.text)
                  0000070c    0000006a                                   : copy_decompress_rle.obj (.text)
                  00000776    00000002     --HOLE-- [fill = 0]
                  00000778    00000050                                   : boot.obj (.text)
                  000007c8    0000004c                                   : cpy_tbl.obj (.text)
                  00000814    00000044                                   : exit.obj (.text)
                  00000858    00000018                                   : args_main.obj (.text)
                  00000870    00000014                                   : _lock.obj (.text)
                  00000884    00000012     startup_msp432p401r_ccs.obj (.text)
                  00000896    0000000e     rtsv7M4_T_le_v4SPD16_eabi.lib : copy_decompress_none.obj (.text:decompress:none)
                  000008a4    00000006                                   : copy_decompress_rle.obj (.text:decompress:rle24)
                  000008aa    00000004                                   : pre_init.obj (.text)

.cinit     0    000008b0    00000024     
                  000008b0    00000012     (.cinit..data.load) [load image, compression = rle]
                  000008c2    00000002     --HOLE-- [fill = 0]
                  000008c4    00000008     (__TI_handler_table)
                  000008cc    00000008     (__TI_cinit_table)

.init_array 
*          0    00000000    00000000     UNINITIALIZED

.data      0    20000000    00000018     UNINITIALIZED
                  20000000    00000008     rtsv7M4_T_le_v4SPD16_eabi.lib : _lock.obj (.data)
                  20000008    00000008                                   : exit.obj (.data)
                  20000010    00000004                                   : stkdepth_vars.obj (.data)
                  20000014    00000004     system_msp432p401r.obj (.data)

.TI.persistent 
*          0    20000000    00000000     UNINITIALIZED

.stack     0    2000fe00    00000200     UNINITIALIZED
                  2000fe00    00000200     --HOLE--


LINKER GENERATED COPY TABLES

__TI_cinit_table @ 000008cc records: 1, size/record: 8, table size: 8
	.data: load addr=000008b0, load size=00000012 bytes, run addr=20000000, run size=00000018 bytes, compression=rle


LINKER GENERATED HANDLER TABLE

__TI_handler_table @ 000008c4 records: 2, size/record: 4, table size: 8
	index: 0, handler: __TI_decompress_rle24
	index: 1, handler: __TI_decompress_none


GLOBAL SYMBOLS: SORTED ALPHABETICALLY BY Name 

address   name                    
-------   ----                    
0000052f  ADC14_IRQHandler        
00000815  C$$EXIT                 
UNDEFED   SHT$$INIT_ARRAY$$Base   
UNDEFED   SHT$$INIT_ARRAY$$Limit  
20000014  SystemCoreClock         
00000141  SystemCoreClockUpdate   
000003b5  SystemInit              
4000480c  WDTCTL_SYM              
20010000  __STACK_END             
00000200  __STACK_SIZE            
000008cc  __TI_CINIT_Base         
000008d4  __TI_CINIT_Limit        
000008c4  __TI_Handler_Table_Base 
000008cc  __TI_Handler_Table_Limit
000006a1  __TI_auto_init          
20000008  __TI_cleanup_ptr        
00000897  __TI_decompress_none    
000008a5  __TI_decompress_rle24   
2000000c  __TI_dtors_ptr          
00000000  __TI_static_base__      
00000625  __aeabi_memclr          
00000625  __aeabi_memclr4         
00000625  __aeabi_memclr8         
00000589  __aeabi_memcpy          
00000589  __aeabi_memcpy4         
00000589  __aeabi_memcpy8         
00000627  __aeabi_memset          
00000627  __aeabi_memset4         
00000627  __aeabi_memset8         
ffffffff  __binit__               
ffffffff  __c_args__              
2000fe00  __stack                 
00000859  _args_main              
00000779  _c_int00                
20000000  _lock                   
0000087f  _nop                    
00000877  _register_lock          
00000871  _register_unlock        
000008ab  _system_pre_init        
20000004  _unlock                 
00000819  abort                   
ffffffff  binit                   
000007c9  copy_in                 
00000821  exit                    
00000000  interruptVectors        
000004a1  main                    
20000010  main_func_sp            
00000589  memcpy                  
0000062d  memset                  


GLOBAL SYMBOLS: SORTED BY Symbol Address 

address   name                    
-------   ----                    
00000000  __TI_static_base__      
00000000  interruptVectors        
00000141  SystemCoreClockUpdate   
00000200  __STACK_SIZE            
000003b5  SystemInit              
000004a1  main                    
0000052f  ADC14_IRQHandler        
00000589  __aeabi_memcpy          
00000589  __aeabi_memcpy4         
00000589  __aeabi_memcpy8         
00000589  memcpy                  
00000625  __aeabi_memclr          
00000625  __aeabi_memclr4         
00000625  __aeabi_memclr8         
00000627  __aeabi_memset          
00000627  __aeabi_memset4         
00000627  __aeabi_memset8         
0000062d  memset                  
000006a1  __TI_auto_init          
00000779  _c_int00                
000007c9  copy_in                 
00000815  C$$EXIT                 
00000819  abort                   
00000821  exit                    
00000859  _args_main              
00000871  _register_unlock        
00000877  _register_lock          
0000087f  _nop                    
00000897  __TI_decompress_none    
000008a5  __TI_decompress_rle24   
000008ab  _system_pre_init        
000008c4  __TI_Handler_Table_Base 
000008cc  __TI_CINIT_Base         
000008cc  __TI_Handler_Table_Limit
000008d4  __TI_CINIT_Limit        
20000000  _lock                   
20000004  _unlock                 
20000008  __TI_cleanup_ptr        
2000000c  __TI_dtors_ptr          
20000010  main_func_sp            
20000014  SystemCoreClock         
2000fe00  __stack                 
20010000  __STACK_END             
4000480c  WDTCTL_SYM              
ffffffff  __binit__               
ffffffff  __c_args__              
ffffffff  binit                   
UNDEFED   SHT$$INIT_ARRAY$$Base   
UNDEFED   SHT$$INIT_ARRAY$$Limit  

[49 symbols]
